<html>
<body>
<pre>
<h1>µVision Build Log</h1>
<h2>Project:</h2>
G:\GPS project\GPS project.uvproj
Project File Date:  05/07/2023

<h2>Output:</h2>
Build target 'Target 1'
compiling GPIO.c...
MCAL\GPIO\GPIO.c(264): warning:  #1-D: last line of file ends without a newline
        
MCAL\GPIO\GPIO.c: 1 warning, 0 errors
compiling UART.c...
compiling Systick.c...
MCAL\Systick\systick.h(16): warning:  #1-D: last line of file ends without a newline
  #endif /* SYSTICK_H_ */
MCAL\Systick\Systick.c: 1 warning, 0 errors
compiling LCD.c...
HAL\LCD\../../MCAL/Systick/Systick.h(16): warning:  #1-D: last line of file ends without a newline
  #endif /* SYSTICK_H_ */
HAL\LCD\LCD.h(36): warning:  #1-D: last line of file ends without a newline
  #endif /* LCD_H_ */
HAL\LCD\LCD.c: 2 warnings, 0 errors
linking...
Program Size: Code=2144 RO-data=636 RW-data=0 ZI-data=608  
".\GPS project.axf" - 0 Error(s), 4 Warning(s).
